// Jest Snapshot v1, https://goo.gl/fbAQLP

exports[`Snapshot 1`] = `
{
  "Mappings": {
    "LatestNodeRuntimeMap": {
      "af-south-1": {
        "value": "nodejs20.x",
      },
      "ap-east-1": {
        "value": "nodejs20.x",
      },
      "ap-northeast-1": {
        "value": "nodejs20.x",
      },
      "ap-northeast-2": {
        "value": "nodejs20.x",
      },
      "ap-northeast-3": {
        "value": "nodejs20.x",
      },
      "ap-south-1": {
        "value": "nodejs20.x",
      },
      "ap-south-2": {
        "value": "nodejs20.x",
      },
      "ap-southeast-1": {
        "value": "nodejs20.x",
      },
      "ap-southeast-2": {
        "value": "nodejs20.x",
      },
      "ap-southeast-3": {
        "value": "nodejs20.x",
      },
      "ap-southeast-4": {
        "value": "nodejs20.x",
      },
      "ap-southeast-5": {
        "value": "nodejs20.x",
      },
      "ap-southeast-7": {
        "value": "nodejs20.x",
      },
      "ca-central-1": {
        "value": "nodejs20.x",
      },
      "ca-west-1": {
        "value": "nodejs20.x",
      },
      "cn-north-1": {
        "value": "nodejs18.x",
      },
      "cn-northwest-1": {
        "value": "nodejs18.x",
      },
      "eu-central-1": {
        "value": "nodejs20.x",
      },
      "eu-central-2": {
        "value": "nodejs20.x",
      },
      "eu-isoe-west-1": {
        "value": "nodejs18.x",
      },
      "eu-north-1": {
        "value": "nodejs20.x",
      },
      "eu-south-1": {
        "value": "nodejs20.x",
      },
      "eu-south-2": {
        "value": "nodejs20.x",
      },
      "eu-west-1": {
        "value": "nodejs20.x",
      },
      "eu-west-2": {
        "value": "nodejs20.x",
      },
      "eu-west-3": {
        "value": "nodejs20.x",
      },
      "il-central-1": {
        "value": "nodejs20.x",
      },
      "me-central-1": {
        "value": "nodejs20.x",
      },
      "me-south-1": {
        "value": "nodejs20.x",
      },
      "mx-central-1": {
        "value": "nodejs20.x",
      },
      "sa-east-1": {
        "value": "nodejs20.x",
      },
      "us-east-1": {
        "value": "nodejs20.x",
      },
      "us-east-2": {
        "value": "nodejs20.x",
      },
      "us-gov-east-1": {
        "value": "nodejs18.x",
      },
      "us-gov-west-1": {
        "value": "nodejs18.x",
      },
      "us-iso-east-1": {
        "value": "nodejs18.x",
      },
      "us-iso-west-1": {
        "value": "nodejs18.x",
      },
      "us-isob-east-1": {
        "value": "nodejs18.x",
      },
      "us-west-1": {
        "value": "nodejs20.x",
      },
      "us-west-2": {
        "value": "nodejs20.x",
      },
    },
  },
  "Outputs": {
    "apiGw": {
      "Description": "URL of the API gateway",
      "Value": {
        "Fn::Join": [
          "",
          [
            "https://",
            {
              "Ref": "apigw7F882D19",
            },
            ".execute-api.",
            {
              "Ref": "AWS::Region",
            },
            ".",
            {
              "Ref": "AWS::URLSuffix",
            },
            "/",
            {
              "Ref": "apigwDeploymentStageprod7B86DEF8",
            },
            "/",
          ],
        ],
      },
    },
    "apigwEndpoint7CC14640": {
      "Value": {
        "Fn::Join": [
          "",
          [
            "https://",
            {
              "Ref": "apigw7F882D19",
            },
            ".execute-api.",
            {
              "Ref": "AWS::Region",
            },
            ".",
            {
              "Ref": "AWS::URLSuffix",
            },
            "/",
            {
              "Ref": "apigwDeploymentStageprod7B86DEF8",
            },
            "/",
          ],
        ],
      },
    },
  },
  "Parameters": {
    "BootstrapVersion": {
      "Default": "/cdk-bootstrap/hnb659fds/version",
      "Description": "Version of the CDK Bootstrap resources in this environment, automatically retrieved from SSM Parameter Store. [cdk:skip]",
      "Type": "AWS::SSM::Parameter::Value<String>",
    },
  },
  "Resources": {
    "LogRetentionaae0aa3c5b4d4f87b02d85b201efdd8aFD4BFC8A": {
      "DependsOn": [
        "LogRetentionaae0aa3c5b4d4f87b02d85b201efdd8aServiceRoleDefaultPolicyADDA7DEB",
        "LogRetentionaae0aa3c5b4d4f87b02d85b201efdd8aServiceRole9741ECFB",
      ],
      "Properties": {
        "Code": {
          "S3Bucket": {
            "Fn::Sub": "cdk-hnb659fds-assets-\${AWS::AccountId}-\${AWS::Region}",
          },
          "S3Key": "2819175352ad1ce0dae768e83fc328fb70fb5f10b4a8ff0ccbcb791f02b0716d.zip",
        },
        "Handler": "index.handler",
        "Role": {
          "Fn::GetAtt": [
            "LogRetentionaae0aa3c5b4d4f87b02d85b201efdd8aServiceRole9741ECFB",
            "Arn",
          ],
        },
        "Runtime": {
          "Fn::FindInMap": [
            "LatestNodeRuntimeMap",
            {
              "Ref": "AWS::Region",
            },
            "value",
          ],
        },
        "Timeout": 900,
      },
      "Type": "AWS::Lambda::Function",
    },
    "LogRetentionaae0aa3c5b4d4f87b02d85b201efdd8aServiceRole9741ECFB": {
      "Properties": {
        "AssumeRolePolicyDocument": {
          "Statement": [
            {
              "Action": "sts:AssumeRole",
              "Effect": "Allow",
              "Principal": {
                "Service": "lambda.amazonaws.com",
              },
            },
          ],
          "Version": "2012-10-17",
        },
        "ManagedPolicyArns": [
          {
            "Fn::Join": [
              "",
              [
                "arn:",
                {
                  "Ref": "AWS::Partition",
                },
                ":iam::aws:policy/service-role/AWSLambdaBasicExecutionRole",
              ],
            ],
          },
        ],
      },
      "Type": "AWS::IAM::Role",
    },
    "LogRetentionaae0aa3c5b4d4f87b02d85b201efdd8aServiceRoleDefaultPolicyADDA7DEB": {
      "Properties": {
        "PolicyDocument": {
          "Statement": [
            {
              "Action": [
                "logs:PutRetentionPolicy",
                "logs:DeleteRetentionPolicy",
              ],
              "Effect": "Allow",
              "Resource": "*",
            },
          ],
          "Version": "2012-10-17",
        },
        "PolicyName": "LogRetentionaae0aa3c5b4d4f87b02d85b201efdd8aServiceRoleDefaultPolicyADDA7DEB",
        "Roles": [
          {
            "Ref": "LogRetentionaae0aa3c5b4d4f87b02d85b201efdd8aServiceRole9741ECFB",
          },
        ],
      },
      "Type": "AWS::IAM::Policy",
    },
    "apigw7F882D19": {
      "Properties": {
        "BinaryMediaTypes": [
          "application/zip",
          "application/octet-stream",
        ],
        "Description": "Converts CSV data to Heartbeat yml files",
        "Name": "api-gw",
      },
      "Type": "AWS::ApiGateway::RestApi",
    },
    "apigwAccount87C50226": {
      "DeletionPolicy": "Retain",
      "DependsOn": [
        "apigw7F882D19",
      ],
      "Properties": {
        "CloudWatchRoleArn": {
          "Fn::GetAtt": [
            "apigwCloudWatchRoleA2FD6AF0",
            "Arn",
          ],
        },
      },
      "Type": "AWS::ApiGateway::Account",
      "UpdateReplacePolicy": "Retain",
    },
    "apigwCloudWatchRoleA2FD6AF0": {
      "DeletionPolicy": "Retain",
      "Properties": {
        "AssumeRolePolicyDocument": {
          "Statement": [
            {
              "Action": "sts:AssumeRole",
              "Effect": "Allow",
              "Principal": {
                "Service": "apigateway.amazonaws.com",
              },
            },
          ],
          "Version": "2012-10-17",
        },
        "ManagedPolicyArns": [
          {
            "Fn::Join": [
              "",
              [
                "arn:",
                {
                  "Ref": "AWS::Partition",
                },
                ":iam::aws:policy/service-role/AmazonAPIGatewayPushToCloudWatchLogs",
              ],
            ],
          },
        ],
      },
      "Type": "AWS::IAM::Role",
      "UpdateReplacePolicy": "Retain",
    },
    "apigwDeploymentB1C01265e97596d8dfe4a9002b9ab32b463359fd": {
      "DependsOn": [
        "apigwconverterPOSTACD3E997",
        "apigwconverterA3A5ED0D",
      ],
      "Properties": {
        "Description": "Converts CSV data to Heartbeat yml files",
        "RestApiId": {
          "Ref": "apigw7F882D19",
        },
      },
      "Type": "AWS::ApiGateway::Deployment",
    },
    "apigwDeploymentStageprod7B86DEF8": {
      "DependsOn": [
        "apigwAccount87C50226",
      ],
      "Properties": {
        "DeploymentId": {
          "Ref": "apigwDeploymentB1C01265e97596d8dfe4a9002b9ab32b463359fd",
        },
        "RestApiId": {
          "Ref": "apigw7F882D19",
        },
        "StageName": "prod",
      },
      "Type": "AWS::ApiGateway::Stage",
    },
    "apigwconverterA3A5ED0D": {
      "Properties": {
        "ParentId": {
          "Fn::GetAtt": [
            "apigw7F882D19",
            "RootResourceId",
          ],
        },
        "PathPart": "converter",
        "RestApiId": {
          "Ref": "apigw7F882D19",
        },
      },
      "Type": "AWS::ApiGateway::Resource",
    },
    "apigwconverterPOSTACD3E997": {
      "Properties": {
        "AuthorizationType": "NONE",
        "HttpMethod": "POST",
        "Integration": {
          "IntegrationHttpMethod": "POST",
          "Type": "AWS_PROXY",
          "Uri": {
            "Fn::Join": [
              "",
              [
                "arn:",
                {
                  "Ref": "AWS::Partition",
                },
                ":apigateway:",
                {
                  "Ref": "AWS::Region",
                },
                ":lambda:path/2015-03-31/functions/",
                {
                  "Fn::GetAtt": [
                    "fnUpload490DB5AA",
                    "Arn",
                  ],
                },
                "/invocations",
              ],
            ],
          },
        },
        "ResourceId": {
          "Ref": "apigwconverterA3A5ED0D",
        },
        "RestApiId": {
          "Ref": "apigw7F882D19",
        },
      },
      "Type": "AWS::ApiGateway::Method",
    },
    "apigwconverterPOSTApiPermissionTesttestapigwF38F2ADAPOSTconverterBFEA45FA": {
      "Properties": {
        "Action": "lambda:InvokeFunction",
        "FunctionName": {
          "Fn::GetAtt": [
            "fnUpload490DB5AA",
            "Arn",
          ],
        },
        "Principal": "apigateway.amazonaws.com",
        "SourceArn": {
          "Fn::Join": [
            "",
            [
              "arn:",
              {
                "Ref": "AWS::Partition",
              },
              ":execute-api:",
              {
                "Ref": "AWS::Region",
              },
              ":",
              {
                "Ref": "AWS::AccountId",
              },
              ":",
              {
                "Ref": "apigw7F882D19",
              },
              "/test-invoke-stage/POST/converter",
            ],
          ],
        },
      },
      "Type": "AWS::Lambda::Permission",
    },
    "apigwconverterPOSTApiPermissiontestapigwF38F2ADAPOSTconverter9A954521": {
      "Properties": {
        "Action": "lambda:InvokeFunction",
        "FunctionName": {
          "Fn::GetAtt": [
            "fnUpload490DB5AA",
            "Arn",
          ],
        },
        "Principal": "apigateway.amazonaws.com",
        "SourceArn": {
          "Fn::Join": [
            "",
            [
              "arn:",
              {
                "Ref": "AWS::Partition",
              },
              ":execute-api:",
              {
                "Ref": "AWS::Region",
              },
              ":",
              {
                "Ref": "AWS::AccountId",
              },
              ":",
              {
                "Ref": "apigw7F882D19",
              },
              "/",
              {
                "Ref": "apigwDeploymentStageprod7B86DEF8",
              },
              "/POST/converter",
            ],
          ],
        },
      },
      "Type": "AWS::Lambda::Permission",
    },
    "csvheartbeatconverterlayerD54999B6": {
      "Properties": {
        "CompatibleRuntimes": [
          "ruby2.7",
        ],
        "Content": {
          "S3Bucket": {
            "Fn::Sub": "cdk-hnb659fds-assets-\${AWS::AccountId}-\${AWS::Region}",
          },
          "S3Key": "8c13029074e0c75b1dfc9b878e703096b012aec6f3c1ee40e618bfe09310eadf.zip",
        },
        "Description": "Provides ruby libraries for the csv converter",
      },
      "Type": "AWS::Lambda::LayerVersion",
    },
    "fnUpload490DB5AA": {
      "DependsOn": [
        "fnUploadServiceRole07BB0591",
      ],
      "Properties": {
        "Code": {
          "S3Bucket": {
            "Fn::Sub": "cdk-hnb659fds-assets-\${AWS::AccountId}-\${AWS::Region}",
          },
          "S3Key": "258385ba9e7339f003b802c4d37057cfadf03c6534c5f1e4403e255a710c8961.zip",
        },
        "Description": "Converts CSV data and returns a zipped archive",
        "Handler": "main.handler",
        "Layers": [
          {
            "Ref": "csvheartbeatconverterlayerD54999B6",
          },
        ],
        "MemorySize": 256,
        "Role": {
          "Fn::GetAtt": [
            "fnUploadServiceRole07BB0591",
            "Arn",
          ],
        },
        "Runtime": "ruby2.7",
        "Timeout": 60,
      },
      "Type": "AWS::Lambda::Function",
    },
    "fnUploadLogRetention9E9120F4": {
      "Properties": {
        "LogGroupName": {
          "Fn::Join": [
            "",
            [
              "/aws/lambda/",
              {
                "Ref": "fnUpload490DB5AA",
              },
            ],
          ],
        },
        "RetentionInDays": 7,
        "ServiceToken": {
          "Fn::GetAtt": [
            "LogRetentionaae0aa3c5b4d4f87b02d85b201efdd8aFD4BFC8A",
            "Arn",
          ],
        },
      },
      "Type": "Custom::LogRetention",
    },
    "fnUploadServiceRole07BB0591": {
      "Properties": {
        "AssumeRolePolicyDocument": {
          "Statement": [
            {
              "Action": "sts:AssumeRole",
              "Effect": "Allow",
              "Principal": {
                "Service": "lambda.amazonaws.com",
              },
            },
          ],
          "Version": "2012-10-17",
        },
        "ManagedPolicyArns": [
          {
            "Fn::Join": [
              "",
              [
                "arn:",
                {
                  "Ref": "AWS::Partition",
                },
                ":iam::aws:policy/service-role/AWSLambdaBasicExecutionRole",
              ],
            ],
          },
        ],
      },
      "Type": "AWS::IAM::Role",
    },
  },
  "Rules": {
    "CheckBootstrapVersion": {
      "Assertions": [
        {
          "Assert": {
            "Fn::Not": [
              {
                "Fn::Contains": [
                  [
                    "1",
                    "2",
                    "3",
                    "4",
                    "5",
                  ],
                  {
                    "Ref": "BootstrapVersion",
                  },
                ],
              },
            ],
          },
          "AssertDescription": "CDK bootstrap stack version 6 required. Please run 'cdk bootstrap' with a recent version of the CDK CLI.",
        },
      ],
    },
  },
}
`;
